// Jest Snapshot v1, https://goo.gl/fbAQLP

exports[`render header 1`] = `
<div>
  <header
    class="header header-purple"
  />
</div>
`;
